chip=incense,4,32
00 INCENSE_AUDDIG1
02 INCENSE_AUDDIG2
04 INCENSE_AUDDIG3
06 INCENSE_AUDDIG4
08 INCENSE_AUDDIG5
0A INCENSE_AUDDIG6
0C INCENSE_AUDDIG7
0E INCENSE_AUDDIG8
10 INCENSE_AUDDIG9
12 INCENSE_AUDDIG10
14 INCENSE_AUDDIG11
16 INCENSE_AUDDIG12
18 INCENSE_AUDDIG13
1A INCENSE_AUDDIG14
1C INCENSE_AUDDIG15
1E INCENSE_AUDDIG16
20 INCENSE_AUDDIG17
22 INCENSE_AUDDIG18
24 INCENSE_AUDDIG19
26 INCENSE_AUDDIG20
28 INCENSE_AUDDIG21
2A INCENSE_AUDDIG22
2C INCENSE_AUDDIG23
2E INCENSE_AUDDIG24
30 INCENSE_AUDDIG25
32 INCENSE_AUDDIG26
34 INCENSE_AUDDIG27
36 INCENSE_AUDDIG28
38 INCENSE_AUDDIG29
3A INCENSE_AUDDIG30
3C INCENSE_AUDDIG31
70 INCENSE_AUDCTRL1
72 INCENSE_AUDCTRL2
74 INCENSE_AUDCTRL3
76 INCENSE_AUDCTRL4
78 INCENSE_AUDCTRL5
7A INCENSE_AUDCTRL6
7C INCENSE_AUDCTRL7
7E INCENSE_AUDREFCTRL1
40 INCENSE_RTC_CTRL
44 INCENSE_RTC_TIME1
46 INCENSE_RTC_TIME2
48 INCENSE_RTC_DATE1
4A INCENSE_RTC_DATE2
4C INCENSE_RTC_TIME_ALARM1
4E INCENSE_RTC_TIME_ALARM2
50 INCENSE_RTC_CAL_ALARM1
52 INCENSE_RTC_CAL_ALARM2
54 INCENSE_RTC_STATUS
58 INCENSE_RTC_IMR
5C INCENSE_RTC_PWR_CTRL1
5E INCENSE_RTC_PWR_CTRL2
60 INCENSE_RTC_1HZ_CNT
64 INCENSE_RTC_FLAG
80 INCENSE_DBBLVLCTRL
82 INCENSE_MMPLVLCTRL
84 INCENSE_BUCKSWCTRL
86 INCENSE_LDOCTRL1
88 INCENSE_LDOCTRL2
8A INCENSE_LDOCTRL3
8C INCENSE_LDOCTRL4
8E INCENSE_GPIOCTRL1
90 INCENSE_GPIOCTRL2
92 INCENSE_CHGCTRL
94 INCENSE_RGBPWMCTRL1
96 INCENSE_RGBPWMCTRL2
98 INCENSE_KEYPAD0CTRL1
9A INCENSE_KEYPAD0CTRL2
9C INCENSE_KEYPAD1CTRL1
9E INCENSE_KEYPAD1CTRL2
A0 INCENSE_KEYPAD1CTRL3
A2 INCENSE_EFUSECTRL
A4 INCENSE_TPLLCTRL1
A6 INCENSE_TPLLCTRL2
A8 INCENSE_LDO_STATUS
AA INCENSE_INTMASK1
AC INCENSE_INTIRQ
AE INCENSE_INTSENSE
B0 INCENSE_WDCTRL
B2 INCENSE_MISCPM
B4 INCENSE_RTC_INTMASK2
B6 INCENSE_MISCPMREAD
C0 INCENSE_ADC_CONFIG
C2 INCENSE_ADC_TEST	
C4 INCENSE_ADC_TIMING_CFG
C6 INCENSE_ADC_JOB_LIST1
C8 INCENSE_ADC_JOB_LIST2
CA INCENSE_ADC_RES0
CC INCENSE_ADC_RES1
CE INCENSE_ADC_RES2
D0 INCENSE_ADC_RES3
D2 INCENSE_CYCLE_CONTROL
D4 INCENSE_TS_REFSEL1
D6 INCENSE_TS_REFSEL2
D8 INCENSE_PLL_CFG1	
DA INCENSE_PLL_CFG2	
DC INCENSE_PLL_TEST 
DE INCENSE_FREE_RUN_TEST	
E0 INCENSE_BIST_CFG	 
E2 INCENSE_BIST_STATUS
E4 INCENSE_BIST_CLR 
E6 INCENSE_DEVID	   
E8 INCENSE_I2CID	 

chip=montage2,2,16,1f800000,1f82d000
00000000 internal SRAM0 (arb0)
00008000 internal SRAM1 (arb1)
00010000 internal SRAM2 (arb2)
00018000 internal SRAM3 (arb3)
00020000 internal SRAM4-0 (arb3)
00023800 internal SRAM4-1 (arb3), share with MINF/DISP read
00025800 internal SRAM4-2 (arb3), share with MINF/LBC read
00025C00 internal SRAM4-3 (arb3), share with MINF/LBC read
00026000 internal SRAM4-4 (arb3), share with MINF/LBC read
00026400 internal SRAM4-5 (arb3), share with MINF/LBC read
00026800 internal SRAM4-6 (arb3), share with USB
00027000 shared internal SRAM (arb3), share with ISP
00028000 SRAM for HIF read(arb3)
00080000 DRAM
14000000 serial flash
18000000 internal ROM
1F800000 clkgen
1F805000 pattern generator
1F806000 misc
1F807000 MIU1
1F808000 MINF
1F809000 mpll
1F80A000 DISP
1F80C000 INT controller
1F80D000 Timer0
1F80E000 ISP
1F810000 ICP
1F812000 JPEG_encode
1F813000 JPEG_decode
1F814000 HIF
1F815000 BBINT
1F816000 I2S
1F818000 card reader
1F819000 NandFlash
1F81A000 USB1.1
1F81B000 DMA
1F81C000 UART0
1F81D000 SSP
1F81E000 SPI_DMA
1F81F000 SPI_Master
1F821000 I2C_Master
1F822000 IO_PAD_MUX
1F823000 LBC
1F824000 RIGEL
1F825000 UART1
1F829000 Timer2
1FC00000 boot from internal ROM (=1800_0000)

chip=montage3,3,16,1f800000,1f832000
0000_0000 internal SRAM0 (arb0)
0000_8000 internal SRAM1 (arb1)
0001_0000 internal SRAM2 (arb2)
0001_8000 internal SRAM3 (arb3)
0002_0000 internal SRAM4-0 (arb3)
0002_3800 internal SRAM4-1 (arb3), share with MINF/DISP read
0002_5800 internal SRAM4-2 (arb3), share with MINF/LBC read
0002_5C00 internal SRAM4-3 (arb3), share with MINF/LBC read
0002_6000 internal SRAM4-4 (arb3), share with MINF/LBC read
0002_6400 internal SRAM4-5 (arb3), share with MINF/LBC read
0002_6800 internal SRAM4-6 (arb3), share with USB
0002_7000 internal SRAM4-7 (arb3), share with ISP & MINF/JPD write
0002_8000 SRAM for HIF read(arb3)
0008_0000 DRAM
1B00_0000 serial flash
1F00_0000 internal ROM
1F80_0000 clkgen
1F80_1000 Incense
1F80_2000 EMI
1F80_3000 EMI
1F80_4000 SDIO
1F80_5000 pattern generator
1F80_6000 misc
1F80_8000 MINF
1F80_A000 DISP
1F80_B000 USB2.0
1F80_C000 INT controller
1F80_D000 Timer0
1F80_E000 ISP
1F80_F000 OTG
1F81_0000 ICP
1F81_1000 UTMI
1F81_2000 JPEG_encode
1F81_3000 JPEG_decode
1F81_4000 HIF
1F81_5000 BBINT
1F81_6000 I2S
1F81_8000 Card Reader
1F81_9000 NandFlash
1F81_A000 USB1.1
1F81_B000 DMA
1F81_C000 UART0
1F81_E000 SPI_DMA
1F81_F000 SPI_Master
1F82_0000 PWM
1F82_1000 I2C_Master
1F82_2000 IO_PAD_MUX
1F82_3000 LBC
1F82_4000 RIGEL
1F82_5000 UART1
1F82_9000 Timer2
1F82_D000 MPIF
1F82_E000 SPIF
1F82_F000 FMRX_1
1F83_0000 FMRX_2
1F83_1000 FMRX_3
1FC0_0000 boot from internal ROM (=1F00_0000)
